// Jest Snapshot v1, https://goo.gl/fbAQLP

exports[`apolloHelpers should have methods 1`] = `
Object {
  "compileGraphqlResources": [Function],
  "createExecutor": [Function],
}
`;
